
> autopilot@0.1.0 build
> next build --turbopack

node.exe :  ÔÜá Mismatching @next/swc version, detected: 15.5.7 while Next.js 
is on 15.5.11. Please ensure these match
At line:1 char:1
+ & "C:\Program Files\nodejs/node.exe" "C:\Users\gghar\AppData\Roaming\ ...
+ ~~~~~~~~~~~~~~~~~~~~~~~~~~~~~~~~~~~~~~~~~~~~~~~~~~~~~~~~~~~~~~~~~~~~~
    + CategoryInfo          : NotSpecified: ( ÔÜá Mismatchin...ure these match 
   :String) [], RemoteException
    + FullyQualifiedErrorId : NativeCommandError
 
   Ôû▓ Next.js 15.5.11 (Turbopack)
   - Environments: .env
   - Experiments (use with caution):
     ┬À clientTraceMetadata

   Creating an optimized production build ...
 ÔÜá Mismatching @next/swc version, detected: 15.5.7 while Next.js is on 
15.5.11. Please ensure these match
 Ô£ô Finished writing to disk in 890ms
 Ô£ô Compiled successfully in 47s
   Running next.config.js provided runAfterProductionCompile ...
 Ô£ô Completed runAfterProductionCompile in 40319ms
   Linting and checking validity of types ...
